---
source: scraper/src/lib.rs
assertion_line: 211
expression: result
---
[
  {
    "url": "https://www.imdb.com/title/tt8134186/",
    "originalUrl": "https://www.imdb.com/title/tt8134186/",
    "scraperName": "scrapeFilmFromIMDB",
    "data": {
      "cast": "Sonoya Mizuno, Nick Offerman, Jin Ha",
      "countriesOfOrigin": "United Kingdom, United States",
      "coverURL": "[permalink]",
      "creators": "Alex Garland",
      "description": "A computer engineer investigates the secretive development division in her company, which she believes is behind the disappearance of her boyfriend.",
      "duration": "",
      "episodes": 8,
      "originalLanguage": "English",
      "releaseDate": "2020",
      "seasons": 1,
      "title": "Devs"
    },
    "error": null
  }
]
