---
source: scraper/src/lib.rs
assertion_line: 124
expression: result
---
[
  {
    "url": "https://www.facebook.com/theprodigyofficial/posts/pfbid0WVYZ4VTe9sddydcCNQGe7NUjajU92iVjM4TQYJgDpo14hy7zfHpQpdH5s2bWsoqul",
    "originalUrl": "https://www.facebook.com/theprodigyofficial/posts/pfbid0WVYZ4VTe9sddydcCNQGe7NUjajU92iVjM4TQYJgDpo14hy7zfHpQpdH5s2bWsoqul",
    "scraperName": "scrapeFBPost",
    "data": {
      "content": "Thanku Brixton for a truly epic night ,,\nThanku to all the people for making this whole tour so massive,\nIt’s been uplifting, emotional, sonically violent , crowd chaotic ,10,000 degrees…..\nall that shit we luv ,!!\nwe are energised by ur support and luv and we will never forget that . Respect always to the worldwide Prodigy warriors who represent, we luv u all..\nSee u mutha fukkas real soon ✊🏴‍☠️🏴‍☠️🏴‍☠️🏴‍☠️\n\n#theprodigy\n#weliveforever\n\nPics by @rhlsngh",
      "date": "24 July at 06:19",
      "dateISO": "2022-07-24T03:19:00.000Z",
      "images": [
        "[permalink]",
        "[permalink]",
        "[permalink]",
        "[permalink]",
        "[permalink]"
      ],
      "permalink": "[permalink]"
    },
    "error": null
  }
]
