---
source: scraper/src/lib.rs
assertion_line: 336
expression: result
---
[
  {
    "url": "https://www.imdb.com/title/tt0098936/",
    "originalUrl": "https://www.imdb.com/title/tt0098936/",
    "scraperName": "IMDBFilmScraper",
    "data": {
      "typeName": "IMDBFilm",
      "title": "Твін Пікс",
      "coverURL": "[permalink]",
      "releaseDate": "1990–1991",
      "originalLanguage": "English",
      "countriesOfOrigin": "United States",
      "creators": "Mark Frost, David Lynch",
      "cast": "Kyle MacLachlan, Michael Ontkean, Mädchen Amick",
      "seasons": 2,
      "episodes": 30,
      "duration": "47m",
      "description": "The body of a young girl (Laura Palmer) is washed up on a beach near the small Washington state town of Twin Peaks. FBI Special Agent Dale Cooper is called in to investigate her strange demise only to uncover a web of mystery that ultimately leads him deep into the heart of the surrounding woodland and his very own soul."
    },
    "error": null
  }
]
