---
source: scraper/src/lib.rs
assertion_line: 219
expression: result
---
[
  {
    "url": "https://www.facebook.com/theprodigyofficial/posts/pfbid02XeNwZbYFN8TeXtYrgSCRLPciWpfNWEu3HaUartDe7X5HUH8XGWeXYbHz8wKdREdml",
    "originalUrl": "https://www.facebook.com/theprodigyofficial/posts/pfbid02XeNwZbYFN8TeXtYrgSCRLPciWpfNWEu3HaUartDe7X5HUH8XGWeXYbHz8wKdREdml",
    "scraperName": "FBPostScraper",
    "data": {
      "typeName": "FacebookPost",
      "permalink": "[permalink]",
      "date": "17 July",
      "dateISO": "2022-07-17T09:00:00.000Z",
      "content": "Warriors in Newcastle tomorrow night and Manchester on Tuesday. As we go through this crazy heatwave it is extra important that you take care of yourselves and each other at the shows. Stay hydrated & keep in the shade during the day where possible and keep topped up with free water at the bar at the show.\nThe Prodigy HQ",
      "images": [
        "[permalink]"
      ]
    },
    "error": null
  }
]
