---
source: scraper/src/lib.rs
assertion_line: 306
expression: result
---
[
  {
    "url": "https://www.imdb.com/title/tt8134186/",
    "originalUrl": "https://www.imdb.com/title/tt8134186/",
    "scraperName": "IMDBFilmScraper",
    "data": {
      "typeName": "IMDBFilm",
      "title": "Devs",
      "coverURL": "[permalink]",
      "releaseDate": "2020",
      "originalLanguage": "English",
      "countriesOfOrigin": "United Kingdom, United States",
      "creators": "Alex Garland",
      "cast": "Sonoya Mizuno, Nick Offerman, Jin Ha",
      "seasons": 1,
      "episodes": 8,
      "duration": "",
      "description": "A computer engineer investigates the secretive development division in her company, which she believes is behind the disappearance of her boyfriend."
    },
    "error": null
  }
]
