---
source: arhiv-scraper/src/lib.rs
assertion_line: 99
expression: result

---
{
  "cast": "Sonoya Mizuno, Nick Offerman, Jin Ha",
  "countries_of_origin": "United Kingdom, United States",
  "cover": "[cover_attachment_id]",
  "creators": "Alex Garland",
  "description": "A computer engineer investigates the secretive development division in her company, which she believes is behind the disappearance of her boyfriend.",
  "episodes": 8,
  "original_language": "English",
  "release_date": "2020",
  "seasons": 1,
  "title": "Devs"
}
